2026-09-05T21:23:16.990  INFO --- [   asgi_gw_0] localstack.request.aws     : AWS s3.CreateBucket => 200
2026-09-05T21:23:17.722  INFO --- [   asgi_gw_0] localstack.request.aws     : AWS kms.CreateKey => 200
2026-09-05T21:23:18.323  INFO --- [   asgi_gw_0] localstack.request.aws     : AWS s3.PutBucketEncryption => 200
2026-09-05T21:23:18.873  INFO --- [   asgi_gw_0] localstack.request.aws     : AWS s3.GetBucketEncryption => 200
2026-09-05T21:23:19.508  INFO --- [   asgi_gw_0] localstack.request.aws     : AWS s3.PutObject => 200
2026-09-05T21:23:20.095  INFO --- [   asgi_gw_0] localstack.request.aws     : AWS s3.PutObjectTagging => 200
2026-09-05T21:23:20.676  INFO --- [   asgi_gw_0] localstack.request.aws     : AWS s3.GetObjectTagging => 200
2026-09-05T21:23:21.219  INFO --- [   asgi_gw_0] localstack.request.aws     : AWS s3.PutPublicAccessBlock => 200
2026-09-05T21:23:21.878  INFO --- [   asgi_gw_0] localstack.request.aws     : AWS s3.GetPublicAccessBlock => 200
2026-09-05T21:23:22.537  INFO --- [   asgi_gw_0] localstack.request.aws     : AWS s3.PutBucketLifecycleConfiguration => 200
2026-09-05T21:23:23.077  INFO --- [   asgi_gw_0] localstack.request.aws     : AWS s3.GetBucketLifecycleConfiguration => 200
2026-09-05T21:23:24.279  INFO --- [   asgi_gw_0] localstack.request.aws     : AWS iam.CreateRole => 200
2026-09-05T21:23:24.982  INFO --- [   asgi_gw_0] localstack.request.aws     : AWS iam.PutRolePolicy => 200
2026-09-05T21:23:25.514  INFO --- [   asgi_gw_0] localstack.request.aws     : AWS iam.ListRolePolicies => 200
2026-09-05T21:23:26.083  INFO --- [   asgi_gw_0] localstack.request.aws     : AWS iam.GetRolePolicy => 200
2026-09-05T21:23:26.644  INFO --- [   asgi_gw_0] localstack.request.aws     : AWS s3.PutBucketPolicy => 204
2026-09-05T21:23:27.170  INFO --- [   asgi_gw_0] localstack.request.aws     : AWS s3.GetBucketPolicy => 200
2026-09-05T21:23:27.806  INFO --- [   asgi_gw_0] localstack.request.aws     : AWS s3.GetBucketEncryption => 200
2026-09-05T21:23:28.380  INFO --- [   asgi_gw_0] localstack.request.aws     : AWS s3.GetObjectTagging => 200
2026-09-05T21:23:29.015  INFO --- [   asgi_gw_0] localstack.request.aws     : AWS s3.GetPublicAccessBlock => 200
2026-09-05T21:23:29.630  INFO --- [   asgi_gw_0] localstack.request.aws     : AWS s3.GetBucketLifecycleConfiguration => 200
2026-09-05T21:23:30.232  INFO --- [   asgi_gw_0] localstack.request.aws     : AWS iam.GetRolePolicy => 200
2026-09-05T21:23:30.789  INFO --- [   asgi_gw_0] localstack.request.aws     : AWS s3.GetBucketPolicy => 200
2026-09-05T21:35:36.833  INFO --- [   asgi_gw_0] localstack.request.aws     : AWS s3.CreateBucket => 200
2026-09-05T21:35:37.359  INFO --- [   asgi_gw_0] localstack.request.aws     : AWS kms.CreateKey => 200
2026-09-05T21:35:37.922  INFO --- [   asgi_gw_0] localstack.request.aws     : AWS s3.PutBucketEncryption => 200
2026-09-05T21:35:38.539  INFO --- [   asgi_gw_0] localstack.request.aws     : AWS s3.GetBucketEncryption => 200
2026-09-05T21:35:39.153  INFO --- [   asgi_gw_0] localstack.request.aws     : AWS s3.PutObject => 200
2026-09-05T21:35:39.706  INFO --- [   asgi_gw_0] localstack.request.aws     : AWS s3.PutObjectTagging => 200
2026-09-05T21:35:40.573  INFO --- [   asgi_gw_0] localstack.request.aws     : AWS s3.GetObjectTagging => 200
2026-09-05T21:35:41.144  INFO --- [   asgi_gw_0] localstack.request.aws     : AWS s3.PutPublicAccessBlock => 200
2026-09-05T21:35:41.729  INFO --- [   asgi_gw_0] localstack.request.aws     : AWS s3.GetPublicAccessBlock => 200
2026-09-05T21:35:42.307  INFO --- [   asgi_gw_0] localstack.request.aws     : AWS s3.PutBucketLifecycleConfiguration => 200
2026-09-05T21:35:42.866  INFO --- [   asgi_gw_0] localstack.request.aws     : AWS s3.GetBucketLifecycleConfiguration => 200
2026-09-05T21:35:43.404  INFO --- [   asgi_gw_0] localstack.request.aws     : AWS iam.CreateRole => 409 (EntityAlreadyExists)
2026-09-05T21:35:43.979  INFO --- [   asgi_gw_0] localstack.request.aws     : AWS iam.PutRolePolicy => 200
2026-09-05T21:35:44.515  INFO --- [   asgi_gw_0] localstack.request.aws     : AWS iam.ListRolePolicies => 200
2026-09-05T21:35:45.129  INFO --- [   asgi_gw_0] localstack.request.aws     : AWS iam.GetRolePolicy => 200
2026-09-05T21:35:45.713  INFO --- [   asgi_gw_0] localstack.request.aws     : AWS s3.PutBucketPolicy => 204
2026-09-05T21:35:46.248  INFO --- [   asgi_gw_0] localstack.request.aws     : AWS s3.GetBucketPolicy => 200
